Microsoft Windows [Version 10.0.19045.3208]
(c) Microsoft Corporation. All rights reserved.

C:\my-git-github>git init
Reinitialized existing Git repository in C:/my-git-github/.git/

C:\my-git-github>git status
On branch master

No commits yet

Untracked files:
  (use "git add <file>..." to include in what will be committed)
        01_19-07-2023_Rama Krishna.G_mongodb_Assignment.txt
        Capture.JPG
        Capture2rb.JPG
        Capture4.JPG
        apology letter.txt

nothing added to commit but untracked files present (use "git add" to track)

C:\my-git-github>git config --global user.name"rama209"

C:\my-git-github>git config --global user.email"ramakrishnagundagoni6@gmail.com"

C:\my-git-github>git add .

C:\my-git-github>git status
On branch master

No commits yet

Changes to be committed:
  (use "git rm --cached <file>..." to unstage)
        new file:   01_19-07-2023_Rama Krishna.G_mongodb_Assignment.txt
        new file:   Capture.JPG
        new file:   Capture2rb.JPG
        new file:   Capture4.JPG
        new file:   apology letter.txt


C:\my-git-github>git commit -m "my first commit"
Author identity unknown

*** Please tell me who you are.

Run

  git config --global user.email "you@example.com"
  git config --global user.name "Your Name"

to set your account's default identity.
Omit --global to set the identity only in this repository.

fatal: unable to auto-detect email address (got 'hp@LAPTOP-PFNT2Q9B.(none)')

C:\my-git-github>git status
On branch master

No commits yet

Changes to be committed:
  (use "git rm --cached <file>..." to unstage)
        new file:   01_19-07-2023_Rama Krishna.G_mongodb_Assignment.txt
        new file:   Capture.JPG
        new file:   Capture2rb.JPG
        new file:   Capture4.JPG
        new file:   apology letter.txt


C:\my-git-github>git config --global user.email"ramakrishnagundagoni6@gmail.com"

C:\my-git-github>git config --global user.name"rama209"

C:\my-git-github>git commit -m "my first commit"
Author identity unknown

*** Please tell me who you are.

Run

  git config --global user.email "you@example.com"
  git config --global user.name "Your Name"

to set your account's default identity.
Omit --global to set the identity only in this repository.

fatal: unable to auto-detect email address (got 'hp@LAPTOP-PFNT2Q9B.(none)')

C:\my-git-github>git config --global user.email "ramakrishnagundagoni6@gmail.com"

C:\my-git-github>git config --global user.name"rama209"

C:\my-git-github>git config --global user.name "rama209"

C:\my-git-github>git commit -m "my first commit"
[master (root-commit) e8d7b29] my first commit
 5 files changed, 211 insertions(+)
 create mode 100644 01_19-07-2023_Rama Krishna.G_mongodb_Assignment.txt
 create mode 100644 Capture.JPG
 create mode 100644 Capture2rb.JPG
 create mode 100644 Capture4.JPG
 create mode 100644 apology letter.txt

C:\my-git-github>git remote add origen "https://github.com/rama209/ram1.git"

C:\my-git-github>git branch
* master

C:\my-git-github>git push origin master
fatal: 'origin' does not appear to be a git repository
fatal: Could not read from remote repository.

Please make sure you have the correct access rights
and the repository exists.

C:\my-git-github>git remote add origen "https://github.com/rama209/ram1.git"
error: remote origen already exists.

C:\my-git-github>git remote add origin "https://github.com/rama209/ram1.git"

C:\my-git-github>git push origin master
info: please complete authentication in your browser...
Enumerating objects: 7, done.
Counting objects: 100% (7/7), done.
Delta compression using up to 4 threads
Compressing objects: 100% (7/7), done.
Writing objects: 100% (7/7), 109.57 KiB | 3.32 MiB/s, done.
Total 7 (delta 0), reused 0 (delta 0), pack-reused 0
error: RPC failed; HTTP 408 curl 22 The requested URL returned error: 408
send-pack: unexpected disconnect while reading sideband packet
fatal: the remote end hung up unexpectedly
Everything up-to-date

C:\my-git-github>git push origin master
Enumerating objects: 7, done.
Counting objects: 100% (7/7), done.
Delta compression using up to 4 threads
Compressing objects: 100% (7/7), done.
Writing objects: 100% (7/7), 109.57 KiB | 3.32 MiB/s, done.
Total 7 (delta 0), reused 0 (delta 0), pack-reused 0
To https://github.com/rama209/ram1.git
 * [new branch]      master -> master

C:\my-git-github>